files/132.csv
id,week,center_id,meal_id,checkout_price,base_price,emailer_for_promotion,homepage_featured,num_orders
1341542,1,132,1727,436.56,434.56,0,0,539
1217958,2,132,1727,446.23,447.23,0,0,298
1180141,3,132,1727,447.23,446.23,0,0,406
1381559,4,132,1727,447.23,447.23,0,0,541
1100610,5,132,1727,243.53,445.23,0,1,2241
1055787,6,132,1727,244.47,446.23,0,1,1700
1234048,7,132,1727,445.23,445.23,0,0,296
1391605,8,132,1727,447.23,446.23,0,0,364
1142180,9,132,1727,445.23,446.23,0,0,150
1330322,10,132,1727,445.23,445.23,0,0,177
1272854,11,132,1727,445.23,447.23,0,0,203
1296075,12,132,1727,422.98,420.98,0,0,243
1434445,13,132,1727,442.35,441.35,0,0,270
1002211,14,132,1727,445.23,447.23,0,0,271
1150363,15,132,1727,446.23,447.23,0,0,297
1243533,16,132,1727,446.23,446.23,0,0,323
1193908,17,132,1727,445.23,447.23,0,0,312
1075672,18,132,1727,445.23,445.23,0,0,323
1430305,19,132,1727,446.23,446.23,0,0,337
1229408,20,132,1727,429.77,427.77,0,0,337
1377689,21,132,1727,409.34,410.34,0,0,339
1274768,22,132,1727,446.23,445.23,0,0,377
1417925,23,132,1727,426.83,425.83,0,0,311
1196894,24,132,1727,421.95,422.95,0,0,256
1296469,25,132,1727,248.35,421.95,1,1,2349
1439405,26,132,1727,243.53,421.95,1,1,1646
1272918,27,132,1727,445.23,446.23,0,0,202
1332163,28,132,1727,445.23,447.23,0,0,352
1462034,29,132,1727,446.23,447.23,0,0,257
1268345,30,132,1727,445.23,445.23,0,0,258
1041687,31,132,1727,446.23,445.23,0,0,324
1143721,32,132,1727,445.23,445.23,0,0,244
1411404,33,132,1727,417.16,416.16,0,0,204
1076984,34,132,1727,445.23,447.23,0,0,176
1239303,35,132,1727,403.55,403.55,0,0,122
1387037,36,132,1727,447.23,447.23,0,0,337
1110244,37,132,1727,446.23,445.23,0,0,229
1113675,38,132,1727,447.23,446.23,0,0,378
1078293,39,132,1727,446.23,447.23,0,0,393
1306978,40,132,1727,445.23,446.23,0,0,445
1105497,41,132,1727,446.23,446.23,0,0,257
1169777,42,132,1727,447.23,446.23,0,0,404
1216413,43,132,1727,445.23,445.23,0,0,257
1054026,44,132,1727,447.23,446.23,0,0,324
1045976,45,132,1727,446.23,445.23,0,0,568
1354064,46,132,1727,445.23,445.23,0,0,296
1253190,47,132,1727,442.32,444.32,0,0,296
1047252,48,132,1727,447.23,446.23,0,0,364
1375829,49,132,1727,446.23,446.23,0,0,242
1468079,50,132,1727,447.23,445.23,0,0,378
1451188,51,132,1727,447.23,447.23,0,0,244
1372562,52,132,1727,445.23,447.23,0,0,338
1350908,53,132,1727,447.23,446.23,0,0,446
1454038,54,132,1727,421.01,421.01,0,0,136
1065737,55,132,1727,446.23,445.23,0,0,431
1426990,56,132,1727,446.23,445.23,0,0,283
1329277,57,132,1727,446.23,446.23,0,0,419
1027294,58,132,1727,261.93,447.23,1,1,2551
1264480,59,132,1727,259.96,446.23,1,0,1770
1174720,60,132,1727,437.5,436.5,0,0,285
1147325,61,132,1727,447.23,445.23,0,0,135
1473822,62,132,1727,442.35,442.35,0,0,82
1179069,63,132,1727,447.23,445.23,0,0,285
1489739,64,132,1727,396.76,446.23,0,0,243
1392487,65,132,1727,421.98,421.98,0,0,378
1182541,66,132,1727,445.23,447.23,0,0,284
1114725,67,132,1727,446.23,447.23,0,0,338
1096488,68,132,1727,446.23,447.23,0,0,377
1247665,69,132,1727,446.23,446.23,0,0,310
1218681,70,132,1727,446.23,445.23,0,0,284
1102985,71,132,1727,445.23,445.23,0,0,216
1015670,72,132,1727,446.23,445.23,0,0,258
1019361,73,132,1727,446.23,446.23,0,0,231
1248843,74,132,1727,447.23,447.23,0,0,393
1221781,75,132,1727,447.23,447.23,0,0,337
1030280,76,132,1727,447.23,446.23,0,0,231
1460724,77,132,1727,243.53,445.23,1,0,2310
1295727,78,132,1727,241.53,446.23,1,1,1944
1144582,79,132,1727,359.93,447.23,1,0,566
1370386,80,132,1727,447.23,445.23,0,0,366
1309211,81,132,1727,445.23,447.23,0,0,487
1432038,82,132,1727,437.5,437.5,0,0,337
1267817,83,132,1727,235.71,437.5,1,0,3309
1098242,84,132,1727,399.67,400.67,0,0,257
1490976,85,132,1727,447.23,447.23,0,0,324
1205298,86,132,1727,447.23,446.23,0,0,189
1344172,87,132,1727,447.23,446.23,0,0,296
1472584,88,132,1727,445.23,446.23,0,0,324
1145929,89,132,1727,446.23,445.23,0,0,337
1089783,90,132,1727,447.23,445.23,0,0,459
1441695,91,132,1727,446.23,447.23,0,0,325
1324027,92,132,1727,445.23,446.23,0,0,311
1219686,93,132,1727,445.23,446.23,0,0,297
1005139,94,132,1727,446.23,445.23,0,0,338
1089121,95,132,1727,446.23,446.23,0,0,607
1485522,96,132,1727,446.23,446.23,0,0,499
1111976,97,132,1727,446.23,445.23,0,0,54
1177474,98,132,1727,446.23,445.23,0,0,433
1421137,99,132,1727,447.23,446.23,0,0,377
1262885,100,132,1727,445.23,445.23,0,0,473
1097852,101,132,1727,446.23,447.23,0,0,283
1498740,102,132,1727,445.23,445.23,0,0,188
1352591,103,132,1727,445.23,446.23,0,0,177
1355801,104,132,1727,447.23,445.23,0,0,364
1310399,105,132,1727,445.23,446.23,0,0,338
1466017,106,132,1727,447.23,447.23,0,0,459
1491061,107,132,1727,445.23,447.23,0,0,391
1243993,108,132,1727,447.23,445.23,0,0,243
1041154,109,132,1727,445.23,447.23,0,0,339
1000192,110,132,1727,438.5,438.5,0,0,350
1181763,111,132,1727,244.5,438.5,1,1,2391
1429627,112,132,1727,241.53,438.5,1,1,2079
1121161,113,132,1727,464.63,464.63,0,0,418
1148259,114,132,1727,464.63,466.63,0,0,284
1454721,115,132,1727,465.63,466.63,0,0,393
1269159,116,132,1727,466.63,466.63,0,0,243
1004762,117,132,1727,464.63,464.63,0,0,405
1477217,118,132,1727,466.63,465.63,0,0,325
1264753,119,132,1727,466.63,466.63,0,0,432
1331176,120,132,1727,464.63,466.63,0,0,296
1048269,121,132,1727,465.63,464.63,0,0,337
1452459,122,132,1727,466.63,464.63,0,0,337
1423843,123,132,1727,466.63,465.63,0,0,284
1013741,124,132,1727,464.63,465.63,0,0,298
1183048,125,132,1727,465.63,466.63,0,0,404
1272544,126,132,1727,464.63,465.63,0,0,350
1499515,127,132,1727,466.63,465.63,0,0,230
1257494,128,132,1727,465.63,466.63,0,0,419
1078085,129,132,1727,466.63,465.63,0,0,257
1144104,130,132,1727,466.63,464.63,0,0,270
1032533,131,132,1727,465.63,464.63,0,0,257
1240043,132,132,1727,464.63,466.63,0,0,244
1414686,133,132,1727,454.93,456.93,0,0,338
1351653,134,132,1727,455.96,453.96,0,0,297
1157577,135,132,1727,320.1,455.96,1,1,2012
1081605,136,132,1727,319.13,454.96,1,0,1404
1363797,137,132,1727,319.13,453.96,0,1,1338
1276186,138,132,1727,292.03,453.96,0,1,1365
1076713,139,132,1727,422.95,422.95,0,0,150
1051433,140,132,1727,464.63,466.63,0,0,271
1080498,141,132,1727,464.63,466.63,0,0,229
1396863,142,132,1727,466.63,465.63,0,0,283
1480747,143,132,1727,466.63,464.63,0,0,513
1081849,144,132,1727,464.63,465.63,0,0,243
1398800,145,132,1727,464.63,465.63,0,0,176
1309352,1,132,1109,246.41,290.09,1,0,2011
1090734,2,132,1109,261.93,260.93,0,0,810
1163224,3,132,1109,310.46,309.46,0,0,486
1332286,4,132,1109,310.43,310.43,0,0,837
1312327,5,132,1109,254.2,310.43,0,0,634
1304592,6,132,1109,110.61,311.43,0,0,918
1338069,7,132,1109,164.96,309.43,0,0,917
1490054,8,132,1109,233.8,310.43,0,0,877
1212384,9,132,1109,229.95,311.43,0,0,933
1422239,10,132,1109,249.32,309.43,0,0,688
1296107,11,132,1109,275.51,274.51,0,0,958
1149597,12,132,1109,285.18,287.18,0,0,1026
1070082,13,132,1109,246.44,285.18,0,0,958
1420782,14,132,1109,274.57,274.57,0,0,783
1022207,15,132,1109,276.48,276.48,0,0,742
1096154,16,132,1109,295.85,297.85,0,0,593
1225197,17,132,1109,310.43,309.43,0,0,513
1302792,18,132,1109,291.06,291.06,0,0,608
1365421,19,132,1109,218.28,291.06,1,1,1404
1298543,20,132,1109,199.85,291.06,0,0,797
1248894,21,132,1109,268.69,269.69,0,0,622
1009170,22,132,1109,251.29,251.29,0,0,771
1384866,23,132,1109,283.24,284.24,0,0,783
1352137,24,132,1109,254.14,285.24,0,0,675
1407153,25,132,1109,290.09,289.09,0,0,593
1322085,26,132,1109,282.27,283.27,0,0,607
1001110,27,132,1109,306.58,305.58,0,0,878
1146564,28,132,1109,260.99,305.58,0,0,743
1398712,29,132,1109,296.85,297.85,0,0,647
1064668,30,132,1109,242.53,295.85,0,1,1540
1076399,31,132,1109,294.94,293.94,0,0,770
1053697,32,132,1109,185.33,292.94,0,0,890
1073947,33,132,1109,241.59,294.94,0,0,809
1296191,34,132,1109,241.56,292.94,0,0,716
1361702,35,132,1109,261.93,293.94,0,0,271
1276218,36,132,1109,296.88,294.88,0,0,716
1462378,37,132,1109,266.78,265.78,0,0,729
1049258,38,132,1109,268.69,268.69,0,0,690
1305441,39,132,1109,293,293,0,0,459
1299032,40,132,1109,304.64,302.64,0,0,554
1430988,41,132,1109,240.56,304.64,1,1,1930
1423372,42,132,1109,320.13,321.13,0,0,622
1377740,43,132,1109,321.13,320.13,0,0,634
1066306,44,132,1109,286.18,321.13,0,0,771
1072038,45,132,1109,230.92,321.13,0,0,998
1403595,46,132,1109,212.46,321.13,1,0,1877
1393177,47,132,1109,234.77,321.13,0,1,1648
1429592,48,132,1109,282.3,319.13,0,0,688
1176266,49,132,1109,273.54,321.13,0,0,474
1092920,50,132,1109,287.15,321.13,0,0,501
1009481,51,132,1109,275.54,321.13,0,0,485
1484807,52,132,1109,305.58,305.58,0,0,582
1471463,53,132,1109,302.7,301.7,0,0,703
1054635,54,132,1109,266.78,300.7,0,0,230
1133294,55,132,1109,257.05,301.7,1,1,1472
1394105,56,132,1109,320.13,319.13,0,0,474
1307480,57,132,1109,229.95,319.13,0,0,568
1336128,58,132,1109,127.1,321.13,0,0,783
1164661,59,132,1109,159.14,319.13,0,0,527
1175457,60,132,1109,199.85,320.13,0,0,609
1136156,61,132,1109,257.11,320.13,0,0,744
1482744,62,132,1109,263.87,319.13,0,0,269
1421771,63,132,1109,288.15,286.15,0,0,580
1281176,64,132,1109,228.95,286.15,0,0,661
1154921,65,132,1109,268.72,267.72,0,0,339
1006742,66,132,1109,262.93,262.93,0,0,661
1163571,67,132,1109,233.8,262.93,0,0,648
1079906,68,132,1109,320.13,321.13,0,0,553
1345007,69,132,1109,297.82,297.82,0,0,567
1104381,70,132,1109,251.23,298.82,0,0,702
1233446,71,132,1109,216.37,296.82,0,0,688
1492893,72,132,1109,235.71,297.82,0,0,567
1446745,73,132,1109,270.63,272.63,0,0,553
1038189,74,132,1109,287.15,288.15,0,0,701
1049113,75,132,1109,293.91,294.91,0,0,798
1370935,76,132,1109,292.03,292.03,0,0,648
1001424,77,132,1109,271.66,270.66,0,0,419
1083879,78,132,1109,301.67,302.67,0,0,555
1100115,79,132,1109,289.06,290.06,0,0,609
1358252,80,132,1109,297.85,297.85,0,0,620
1002400,81,132,1109,309.43,309.43,0,0,420
1448976,82,132,1109,310.43,309.43,0,0,621
1139813,83,132,1109,258.05,310.43,0,0,636
1139333,84,132,1109,234.77,309.43,0,0,432
1078219,85,132,1109,214.4,309.43,0,0,648
1496792,86,132,1109,266.75,309.43,0,0,393
1381229,87,132,1109,284.24,285.24,0,0,485
1132742,88,132,1109,290.06,290.06,0,0,405
1099988,89,132,1109,269.72,267.72,0,0,406
1209908,90,132,1109,300.73,300.73,0,0,432
1318720,91,132,1109,311.43,309.43,0,0,514
1331168,92,132,1109,302.64,302.64,0,0,648
1144775,93,132,1109,292.97,291.97,0,0,446
1001932,94,132,1109,309.43,311.43,0,0,541
1078236,95,132,1109,291.03,311.43,1,1,2915
1045136,96,132,1109,310.43,311.43,0,0,379
1127839,97,132,1109,235.71,309.43,0,0,121
1345184,98,132,1109,217.28,309.43,1,0,1445
1055173,99,132,1109,234.77,310.43,1,0,1296
1346168,100,132,1109,259.96,311.43,0,0,420
1310064,101,132,1109,264.87,311.43,0,0,553
1030803,102,132,1109,277.42,309.43,0,0,323
1363553,103,132,1109,298.82,297.82,0,0,339
1457655,104,132,1109,288.09,289.09,0,0,582
1337507,105,132,1109,297.82,298.82,0,0,647
1322750,106,132,1109,226.04,297.82,1,1,1621
1337788,107,132,1109,242.56,297.82,1,1,1445
1298072,108,132,1109,310.43,309.43,0,0,499
1420939,109,132,1109,250.29,311.43,0,0,621
1406595,110,132,1109,246.38,309.43,0,0,797
1153692,111,132,1109,227.95,311.43,0,0,512
1361709,112,132,1109,256.08,310.43,0,0,473
1201496,113,132,1109,301.73,301.73,0,0,447
1105571,114,132,1109,255.14,299.73,0,0,594
1190305,115,132,1109,293,292,0,0,622
1104325,116,132,1109,304.64,304.64,0,0,513
1217076,117,132,1109,309.46,310.46,0,0,391
1173460,118,132,1109,301.67,302.67,0,0,487
1241797,119,132,1109,261.93,303.67,1,0,1850
1210975,120,132,1109,272.6,301.67,1,1,1538
1385564,121,132,1109,225.07,303.67,0,0,851
1273634,122,132,1109,152.29,302.67,0,0,647
1068760,123,132,1109,191.12,302.67,0,0,716
1286483,124,132,1109,247.41,302.67,0,0,445
1272774,125,132,1109,217.31,303.67,0,0,539
1323639,126,132,1109,265.81,301.67,0,0,690
1280946,127,132,1109,264.81,266.81,0,0,744
1288599,128,132,1109,279.42,277.42,0,0,647
1450459,129,132,1109,256.11,257.11,0,0,689
1076465,130,132,1109,221.16,257.11,1,1,3280
1272836,131,132,1109,226.04,256.11,1,1,2200
1346318,132,132,1109,278.45,277.45,0,0,756
1245167,133,132,1109,299.73,299.73,0,0,890
1213096,134,132,1109,310.43,311.43,0,0,1188
1155767,135,132,1109,249.35,310.43,0,0,472
1474507,136,132,1109,150.35,311.43,0,0,499
1358750,137,132,1109,169.81,311.43,0,0,472
1173327,138,132,1109,258.08,309.43,0,0,474
1223705,139,132,1109,294.91,293.91,0,0,541
1120534,140,132,1109,293.97,293.97,0,0,729
1409491,141,132,1109,267.78,265.78,0,0,420
1490520,142,132,1109,292.03,292.03,0,0,432
1114766,143,132,1109,306.58,305.58,0,0,1014
1408372,144,132,1109,291.03,292.03,0,0,648
1127663,145,132,1109,293.97,291.97,0,0,728
