files/132.csv
id,week,center_id,meal_id,checkout_price,base_price,emailer_for_promotion,homepage_featured,num_orders
1273054,1,132,1878,282.33,281.33,0,0,81
1004185,2,132,1878,282.33,282.33,0,0,109
1491827,3,132,1878,244.5,281.33,0,0,96
1243269,4,132,1878,243.5,280.33,0,0,95
1141730,5,132,1878,243.53,282.33,0,0,107
1292469,6,132,1878,241.53,280.33,0,0,80
1354107,7,132,1878,241.53,282.33,0,0,177
1174358,8,132,1878,242.53,281.33,0,0,109
1108117,9,132,1878,243.53,282.33,0,1,161
1377280,10,132,1878,281.33,281.33,0,0,107
1323595,11,132,1878,282.33,282.33,0,0,175
1186108,12,132,1878,282.33,282.33,0,0,94
1209821,13,132,1878,282.33,281.33,0,0,96
1453236,14,132,1878,282.33,280.33,0,0,121
1050993,15,132,1878,281.33,280.33,0,0,53
1054934,16,132,1878,281.33,281.33,0,0,107
1408922,17,132,1878,280.33,282.33,0,0,68
1491394,18,132,1878,281.33,281.33,0,0,69
1471076,19,132,1878,282.33,280.33,0,0,82
1188260,20,132,1878,281.33,281.33,0,0,94
1238150,21,132,1878,281.33,282.33,0,0,109
1247998,22,132,1878,281.33,280.33,0,0,107
1005307,23,132,1878,282.33,281.33,0,0,81
1455133,24,132,1878,280.33,282.33,0,0,148
1381117,25,132,1878,281.33,282.33,0,0,135
1083157,26,132,1878,282.33,282.33,0,0,242
1437229,27,132,1878,281.33,282.33,0,0,135
1432809,28,132,1878,280.33,281.33,0,0,96
1343451,29,132,1878,281.33,280.33,0,0,108
1453462,30,132,1878,281.33,280.33,0,0,96
1403934,31,132,1878,282.33,281.33,0,0,40
1279860,32,132,1878,282.33,282.33,0,0,27
1172859,33,132,1878,282.33,280.33,0,0,134
1388618,34,132,1878,281.33,281.33,0,0,68
1490023,35,132,1878,280.33,280.33,0,0,95
1065841,36,132,1878,282.33,282.33,0,0,94
1469870,37,132,1878,282.33,282.33,0,0,55
1477751,38,132,1878,280.33,281.33,0,0,67
1364822,39,132,1878,280.33,280.33,0,0,149
1257352,40,132,1878,280.33,280.33,0,0,81
1331086,41,132,1878,280.33,282.33,0,0,55
1378584,42,132,1878,281.33,280.33,0,0,53
1471707,43,132,1878,279.39,280.39,0,0,188
1305742,44,132,1878,281.33,280.33,0,0,41
1094055,45,132,1878,280.33,280.33,0,0,150
1233692,46,132,1878,281.33,280.33,0,0,80
1231869,47,132,1878,282.33,281.33,0,0,217
1201617,48,132,1878,281.33,282.33,0,0,216
1261390,49,132,1878,281.33,281.33,0,0,121
1236204,50,132,1878,280.33,282.33,0,0,190
1382586,51,132,1878,281.33,280.33,0,0,177
1003151,52,132,1878,280.33,281.33,0,0,161
1329209,53,132,1878,280.33,280.33,0,0,134
1038682,54,132,1878,280.33,280.33,0,0,82
1385222,55,132,1878,281.33,281.33,0,0,135
1450534,56,132,1878,282.33,281.33,0,0,80
1218186,57,132,1878,291.03,292.03,0,0,161
1123345,58,132,1878,290.03,292.03,0,0,95
1097344,59,132,1878,290.03,291.03,0,0,42
1174838,60,132,1878,291.03,291.03,0,0,80
1255046,61,132,1878,291.03,290.03,0,0,188
1153177,62,132,1878,292.03,290.03,0,0,27
1496702,63,132,1878,292.03,291.03,0,0,96
1146623,64,132,1878,292.03,290.03,0,0,95
1204763,65,132,1878,290.03,290.03,0,0,190
1343344,66,132,1878,292.03,292.03,0,0,95
1238963,67,132,1878,290.03,292.03,0,0,123
1068559,68,132,1878,290.03,290.03,0,0,123
1128631,69,132,1878,290.03,290.03,0,0,216
1292305,70,132,1878,292.03,292.03,0,0,176
1063204,71,132,1878,290.03,290.03,0,0,148
1415794,72,132,1878,290.03,292.03,0,0,107
1311890,73,132,1878,290.03,291.03,0,0,81
1308952,74,132,1878,291.03,290.03,0,0,148
1332005,75,132,1878,291.03,291.03,0,0,80
1105162,76,132,1878,291.03,291.03,0,0,161
1494321,77,132,1878,292.03,292.03,0,0,108
1146594,78,132,1878,292.03,291.03,0,0,54
1349086,79,132,1878,290.03,292.03,0,0,67
1031031,80,132,1878,292.03,291.03,0,0,107
1118583,81,132,1878,291.03,291.03,0,0,67
1269051,82,132,1878,292.03,291.03,0,0,107
1210311,83,132,1878,291.03,292.03,0,0,134
1131204,84,132,1878,292.03,292.03,0,0,96
1076858,85,132,1878,192.06,290.03,1,0,378
1242015,86,132,1878,195,292.03,1,1,971
1107805,87,132,1878,194.03,291.03,1,1,582
1193049,88,132,1878,256.08,290.03,1,1,271
1080162,89,132,1878,290.03,291.03,0,0,135
1410551,90,132,1878,291.03,292.03,0,0,107
1448077,91,132,1878,292.03,291.03,0,0,82
1284750,92,132,1878,290.03,291.03,0,0,134
1350469,93,132,1878,290.03,291.03,0,0,215
1043220,94,132,1878,292.03,290.03,0,0,40
1217282,95,132,1878,291.03,291.03,0,0,150
1327351,96,132,1878,292.03,292.03,0,0,68
1008436,97,132,1878,290.03,291.03,0,0,95
1228000,98,132,1878,290.03,291.03,0,0,96
1340115,99,132,1878,291.03,291.03,0,0,136
1273227,100,132,1878,291.03,290.03,0,0,189
1432560,101,132,1878,290.03,292.03,0,0,190
1323878,102,132,1878,292.03,292.03,0,0,150
1441355,103,132,1878,291.03,291.03,0,0,175
1333534,104,132,1878,290.03,292.03,0,0,162
1498290,105,132,1878,292.03,291.03,0,0,148
1246857,106,132,1878,290.03,290.03,0,0,188
1193674,107,132,1878,211.46,291.03,1,0,458
1173783,108,132,1878,212.46,290.03,1,1,487
1413205,109,132,1878,212.46,291.03,1,1,553
1100863,110,132,1878,211.46,291.03,0,1,539
1312729,111,132,1878,291.03,290.03,0,0,28
1392619,112,132,1878,291.03,292.03,0,0,27
1081152,113,132,1878,292.03,290.03,0,0,148
1438929,114,132,1878,290.03,292.03,0,0,69
1444830,115,132,1878,292.03,291.03,0,0,149
1029792,116,132,1878,291.03,290.03,0,0,161
1041909,117,132,1878,292.03,290.03,0,0,41
1105699,118,132,1878,193.03,290.03,1,0,175
1000515,119,132,1878,291.03,291.03,0,0,95
1016304,120,132,1878,292.03,291.03,0,0,150
1300075,121,132,1878,290.03,290.03,0,0,163
1258515,122,132,1878,292.03,291.03,0,0,148
1061281,123,132,1878,245.44,291.03,0,0,243
1028366,124,132,1878,243.53,292.03,0,0,271
1244006,125,132,1878,291.03,291.03,0,0,108
1336156,126,132,1878,291.03,292.03,0,0,109
1421230,127,132,1878,290.03,292.03,0,0,107
1205281,128,132,1878,291.03,290.03,0,0,123
1480778,129,132,1878,290.03,291.03,0,0,121
1471956,130,132,1878,291.03,290.03,0,0,163
1286583,131,132,1878,292.03,291.03,0,0,163
1151532,132,132,1878,320.13,321.13,0,0,68
1074825,133,132,1878,319.13,320.13,0,0,136
1217478,134,132,1878,321.13,321.13,0,0,81
1456685,135,132,1878,320.13,320.13,0,0,96
1195218,136,132,1878,321.13,320.13,0,0,54
1117011,137,132,1878,319.13,321.13,0,0,42
1049762,138,132,1878,319.13,320.13,0,0,68
1119228,139,132,1878,321.13,319.13,0,0,96
1275456,140,132,1878,320.13,321.13,0,0,67
1177633,141,132,1878,320.13,321.13,0,0,82
1207655,142,132,1878,320.13,320.13,0,0,82
1442141,143,132,1878,321.13,321.13,0,0,53
1466519,144,132,1878,320.13,319.13,0,0,82
1201773,145,132,1878,319.13,319.13,0,0,94
1280615,1,132,2306,243.5,242.5,0,1,391
1398143,2,132,2306,249.35,242.5,0,1,257
1332112,3,132,2306,243.5,242.5,0,1,337
1310675,4,132,2306,338.53,340.53,0,0,54
1132245,5,132,2306,339.53,339.53,0,0,68
1009143,6,132,2306,339.53,340.53,0,0,121
1152142,7,132,2306,338.53,338.53,0,0,81
1276999,8,132,2306,242.5,340.53,1,0,53
1494022,9,132,2306,243.5,338.53,0,0,41
1149339,10,132,2306,243.5,340.53,0,1,54
1044958,11,132,2306,242.5,340.53,0,1,271
1031154,12,132,2306,243.5,340.53,1,1,135
1262366,13,132,2306,283.3,340.53,0,1,68
1491113,14,132,2306,242.5,339.53,0,0,96
1148673,15,132,2306,243.5,338.53,0,0,80
1209719,16,132,2306,340.53,338.53,0,1,42
1182718,17,132,2306,338.53,338.53,0,0,108
1035483,18,132,2306,236.68,339.53,0,0,123
1268928,19,132,2306,123.25,340.53,0,1,53
1384979,20,132,2306,214.43,339.53,0,1,109
1280078,21,132,2306,251.29,339.53,0,0,203
1156353,22,132,2306,340.53,338.53,0,0,40
1416564,23,132,2306,338.53,340.53,0,0,28
1331166,24,132,2306,338.53,339.53,0,0,40
1118207,25,132,2306,243.5,338.53,1,0,163
1423276,26,132,2306,243.5,340.53,0,1,109
1281958,27,132,2306,222.13,338.53,1,1,161
1209707,28,132,2306,339.53,339.53,0,0,54
1438544,29,132,2306,258.08,338.53,0,0,28
1494691,30,132,2306,339.53,340.53,0,0,67
1298479,31,132,2306,339.53,338.53,0,0,26
1482019,32,132,2306,340.53,340.53,0,1,26
1064422,33,132,2306,244.5,340.53,0,1,177
1062734,34,132,2306,252.26,338.53,0,1,175
1390295,35,132,2306,244.5,340.53,0,0,80
1193018,36,132,2306,223.13,340.53,0,0,162
1020868,37,132,2306,338.53,340.53,0,0,54
1212322,38,132,2306,339.53,338.53,0,0,94
1217470,39,132,2306,243.5,338.53,0,0,42
1075778,40,132,2306,244.5,340.53,0,0,54
1084769,41,132,2306,276.51,339.53,0,0,82
1428510,42,132,2306,244.5,339.53,0,0,121
1027836,43,132,2306,339.53,339.53,0,0,54
1490513,44,132,2306,338.53,339.53,0,0,40
1083481,45,132,2306,339.53,339.53,0,0,95
1402399,46,132,2306,338.53,340.53,0,0,14
1479086,47,132,2306,339.53,340.53,0,0,15
1356678,48,132,2306,338.53,339.53,0,0,53
1088082,49,132,2306,340.53,338.53,0,0,28
1281341,50,132,2306,340.53,339.53,0,0,54
1236925,51,132,2306,339.53,340.53,0,1,41
1010497,52,132,2306,242.5,339.53,0,0,107
1268620,53,132,2306,242.5,338.53,1,1,284
1371556,54,132,2306,244.5,340.53,0,0,177
1209813,55,132,2306,243.5,338.53,0,0,40
1161542,56,132,2306,339.53,338.53,0,0,40
1025660,57,132,2306,339.53,340.53,0,0,69
1299222,58,132,2306,338.53,339.53,0,0,54
1318954,59,132,2306,338.53,338.53,0,0,69
1238088,60,132,2306,339.53,339.53,0,0,69
1346985,61,132,2306,339.53,339.53,0,0,54
1257842,62,132,2306,338.53,339.53,0,0,42
1070202,63,132,2306,340.53,340.53,0,0,14
1147714,64,132,2306,339.53,338.53,0,0,40
1173392,65,132,2306,338.53,340.53,0,0,26
1103460,66,132,2306,253.17,338.53,0,0,122
1426176,67,132,2306,244.5,340.53,0,0,163
1485412,68,132,2306,243.5,339.53,0,0,107
1444533,69,132,2306,338.53,340.53,0,0,40
1379703,70,132,2306,242.5,338.53,1,1,135
1470481,71,132,2306,244.5,340.53,1,0,107
1354907,72,132,2306,259.99,340.53,0,0,80
1258072,74,132,2306,268.75,340.53,0,0,54
1064189,75,132,2306,347.26,347.26,0,0,28
1283040,77,132,2306,347.26,347.26,0,0,40
1376683,78,132,2306,348.26,348.26,0,0,27
1396923,79,132,2306,349.26,349.26,0,0,27
1234839,81,132,2306,348.26,347.26,0,0,26
1423632,82,132,2306,347.26,349.26,0,0,13
1034247,83,132,2306,348.26,349.26,0,0,13
1134130,84,132,2306,348.26,348.26,0,0,54
1024957,85,132,2306,243.5,347.26,0,0,134
1441931,86,132,2306,242.5,349.26,0,0,108
1447170,87,132,2306,243.5,349.26,0,0,96
1328636,88,132,2306,243.5,349.26,0,0,108
1124203,89,132,2306,347.26,349.26,0,0,15
1212865,90,132,2306,349.26,349.26,0,0,28
1415696,91,132,2306,349.26,349.26,0,0,15
1360706,92,132,2306,349.26,347.26,0,0,55
1030422,93,132,2306,348.26,349.26,0,0,27
1295545,95,132,2306,347.26,349.26,0,0,14
1449865,96,132,2306,348.26,349.26,0,0,55
1108242,97,132,2306,348.26,347.26,0,0,53
1005232,98,132,2306,347.26,349.26,0,0,54
1186656,99,132,2306,348.26,348.26,0,0,122
1365593,100,132,2306,347.26,347.26,0,0,15
1224942,101,132,2306,348.26,347.26,0,0,54
1462186,103,132,2306,349.26,348.26,0,0,107
1235246,104,132,2306,250.26,348.26,1,0,188
1434876,105,132,2306,243.5,349.26,1,0,393
1211847,107,132,2306,357.93,358.93,0,0,27
1215862,108,132,2306,358.93,357.93,0,0,15
1262203,109,132,2306,359.93,359.93,0,0,41
1313609,110,132,2306,357.93,359.93,0,0,26
1352850,111,132,2306,359.93,359.93,0,0,28
1253947,112,132,2306,357.93,357.93,0,0,27
1374502,113,132,2306,244.5,358.93,1,1,190
1368200,115,132,2306,338.53,358.93,0,1,69
1472810,116,132,2306,357.93,359.93,0,1,54
1171300,117,132,2306,354.08,354.08,0,0,68
1248498,118,132,2306,335.62,335.62,0,0,13
1320447,119,132,2306,337.62,336.62,0,0,28
1225190,120,132,2306,337.62,335.62,0,0,54
1088955,121,132,2306,337.62,335.62,0,0,40
1027739,122,132,2306,205.64,335.62,1,1,271
1107972,123,132,2306,238.65,335.62,1,0,175
1246875,124,132,2306,243.53,335.62,0,0,55
1438562,125,132,2306,241.53,336.62,0,0,69
1050987,126,132,2306,260.02,335.62,0,0,177
1120829,127,132,2306,314.34,313.34,0,0,95
1120269,129,132,2306,314.34,313.34,0,0,28
1069912,130,132,2306,336.62,337.62,0,0,14
1331690,131,132,2306,336.62,335.62,0,0,41
1465594,132,132,2306,335.62,337.62,0,0,28
1087430,133,132,2306,337.62,336.62,0,0,68
1360539,134,132,2306,337.62,336.62,0,0,14
1311606,135,132,2306,337.62,337.62,0,0,80
1261096,137,132,2306,335.62,337.62,0,0,42
1418126,138,132,2306,337.62,337.62,0,0,42
1129396,139,132,2306,220.19,337.62,0,0,123
1121478,140,132,2306,242.5,336.62,1,0,55
1232092,141,132,2306,337.62,337.62,0,0,41
1238377,142,132,2306,335.62,336.62,0,1,69
1085103,143,132,2306,291.03,336.62,0,0,54
1157215,144,132,2306,290.03,336.62,0,0,28
1192913,145,132,2306,244.5,335.62,1,0,80
1032817,1,132,1216,455.93,455.93,0,0,26
1275239,2,132,1216,456.93,454.93,0,0,26
1158439,3,132,1216,455.93,454.93,0,0,42
1205979,4,132,1216,456.93,456.93,0,0,53
1101287,5,132,1216,454.93,456.93,0,0,27
1221718,6,132,1216,455.93,456.93,0,0,80
1187141,7,132,1216,454.93,455.93,0,0,42
1318544,8,132,1216,339.5,456.93,0,0,68
1095472,9,132,1216,339.5,454.93,0,0,27
1436542,11,132,1216,341.5,454.93,0,0,81
1321052,12,132,1216,406.43,454.93,0,0,67
1380066,13,132,1216,408.43,456.93,0,0,40
1433735,14,132,1216,406.43,407.43,0,0,54
1304663,15,132,1216,407.43,408.43,0,0,82
1240007,16,132,1216,407.43,407.43,0,0,41
1181129,17,132,1216,406.43,408.43,0,0,28
1225996,18,132,1216,407.43,407.43,0,0,14
1493301,19,132,1216,406.43,408.43,0,0,15
1223180,20,132,1216,406.43,407.43,0,0,42
1410307,22,132,1216,341.5,408.43,0,1,67
1475514,23,132,1216,339.5,407.43,0,1,80
1447900,24,132,1216,340.5,408.43,0,1,81
1339410,25,132,1216,408.43,408.43,0,1,27
1379624,26,132,1216,408.43,407.43,0,1,96
1081217,27,132,1216,406.43,408.43,0,1,27
1247915,28,132,1216,407.43,408.43,0,1,69
1418022,29,132,1216,407.43,406.43,0,0,28
1274105,30,132,1216,407.43,406.43,0,0,81
1460355,31,132,1216,408.43,406.43,0,0,95
1010164,32,132,1216,407.43,406.43,0,0,121
1249091,33,132,1216,408.43,408.43,0,0,28
1316216,34,132,1216,406.43,407.43,0,0,53
1231061,35,132,1216,337.59,407.43,1,0,26
1121627,37,132,1216,336.59,406.43,0,0,26
1418854,38,132,1216,219.28,408.43,0,0,123
1113729,39,132,1216,367.63,367.63,0,0,67
1215078,40,132,1216,368.63,369.63,0,0,42
1104953,41,132,1216,367.63,369.63,0,0,14
1360481,42,132,1216,368.63,368.63,0,0,28
1328545,43,132,1216,407.43,408.43,0,0,55
1223877,44,132,1216,406.43,407.43,0,0,55
1466455,45,132,1216,407.43,406.43,0,0,28
1324637,46,132,1216,407.43,408.43,0,0,95
1407073,47,132,1216,406.43,408.43,0,0,69
1032191,48,132,1216,408.43,407.43,0,0,53
1310554,49,132,1216,408.43,406.43,0,0,40
1290943,50,132,1216,406.43,406.43,0,0,42
1038166,51,132,1216,408.43,408.43,0,0,69
1394433,52,132,1216,408.43,406.43,0,0,26
1074735,53,132,1216,407.43,406.43,0,0,53
1145561,55,132,1216,407.43,407.43,0,0,28
1026614,56,132,1216,407.43,406.43,0,0,28
1495679,57,132,1216,407.43,406.43,0,0,55
1141002,58,132,1216,408.43,407.43,0,0,42
1043191,59,132,1216,408.43,408.43,0,0,26
1279671,60,132,1216,408.43,407.43,0,0,40
1035926,61,132,1216,407.43,408.43,0,0,26
1308378,62,132,1216,406.43,406.43,0,0,13
1357830,63,132,1216,406.43,407.43,0,0,54
1054444,64,132,1216,407.43,407.43,0,0,81
1157201,65,132,1216,407.43,407.43,0,0,28
1281768,67,132,1216,408.43,406.43,0,0,42
1195545,68,132,1216,406.43,407.43,0,0,54
1493785,69,132,1216,407.43,406.43,0,0,28
1119999,70,132,1216,408.43,406.43,0,0,53
1041309,71,132,1216,407.43,408.43,0,0,15
1250141,72,132,1216,408.43,406.43,0,0,28
1139264,73,132,1216,389.03,388.03,0,0,55
1361110,74,132,1216,387.03,389.03,0,0,15
1351336,75,132,1216,388.03,387.03,0,0,42
1298070,76,132,1216,387.03,388.03,0,0,14
1359137,77,132,1216,408.43,406.43,0,0,26
1416133,78,132,1216,408.43,407.43,0,0,54
1353205,79,132,1216,408.43,407.43,0,0,53
1391912,80,132,1216,406.43,407.43,0,0,27
1329559,81,132,1216,407.43,408.43,0,0,54
1067983,82,132,1216,408.43,408.43,0,0,42
1109454,85,132,1216,406.43,406.43,0,0,54
1037547,86,132,1216,406.43,406.43,0,0,40
1081548,87,132,1216,407.43,407.43,0,0,82
1193343,88,132,1216,417.13,418.13,0,0,55
1154455,89,132,1216,416.13,416.13,0,0,53
1127286,90,132,1216,341.5,416.13,1,0,42
1036174,91,132,1216,341.5,418.13,1,0,81
1120737,92,132,1216,341.5,416.13,0,0,54
1356104,93,132,1216,341.5,416.13,0,0,28
1457703,94,132,1216,339.5,416.13,0,0,55
1326925,95,132,1216,418.13,416.13,0,0,41
1458393,96,132,1216,416.13,416.13,0,0,26
1187491,97,132,1216,417.13,417.13,0,0,15
1189880,98,132,1216,292.03,418.13,1,0,96
1313198,99,132,1216,290.03,416.13,1,0,69
1447074,100,132,1216,292.03,416.13,0,0,107
1181414,101,132,1216,292.03,417.13,0,0,53
1451716,102,132,1216,387.03,389.03,0,0,15
1442534,104,132,1216,389.03,387.03,0,0,13
1047241,105,132,1216,388.03,388.03,0,0,68
1065355,106,132,1216,388.03,388.03,0,0,26
1497475,107,132,1216,387.03,387.03,0,0,41
1033169,109,132,1216,339.5,389.03,0,0,27
1364635,110,132,1216,340.5,389.03,0,0,41
1008324,111,132,1216,340.5,388.03,0,0,27
1449315,112,132,1216,418.13,417.13,0,0,40
1258383,113,132,1216,416.13,418.13,0,0,42
1330687,114,132,1216,416.13,417.13,0,0,27
1184296,115,132,1216,417.13,418.13,0,0,28
1248679,116,132,1216,418.13,417.13,0,0,26
1166339,117,132,1216,418.13,418.13,0,0,41
1236630,118,132,1216,418.13,416.13,0,0,15
1286429,119,132,1216,418.13,416.13,0,0,67
1489671,120,132,1216,416.13,418.13,0,0,41
1487840,121,132,1216,418.13,417.13,0,0,40
1264275,122,132,1216,417.13,417.13,0,0,68
1425991,123,132,1216,417.13,418.13,0,0,82
1282360,124,132,1216,417.13,417.13,0,0,55
1314416,125,132,1216,339.53,417.13,0,0,95
1116970,126,132,1216,338.53,417.13,0,0,95
1255284,127,132,1216,338.53,417.13,0,0,42
1306120,128,132,1216,340.53,417.13,0,0,68
1414934,129,132,1216,418.13,418.13,0,0,27
1378054,130,132,1216,418.13,416.13,0,0,68
1461546,131,132,1216,418.13,417.13,0,0,41
1230670,132,132,1216,416.13,416.13,0,0,68
1261130,133,132,1216,417.13,416.13,0,0,53
1113216,134,132,1216,417.13,417.13,0,0,14
1405677,135,132,1216,417.13,417.13,0,0,28
1210142,136,132,1216,417.13,416.13,0,0,26
1117068,137,132,1216,418.13,416.13,0,0,26
1229414,138,132,1216,417.13,417.13,0,0,42
1033407,139,132,1216,291.03,418.13,0,0,53
1430178,140,132,1216,316.28,416.13,0,0,54
1374945,141,132,1216,417.13,418.13,0,0,68
1235545,142,132,1216,418.13,417.13,0,0,42
1114848,143,132,1216,292.03,418.13,1,0,150
1015350,144,132,1216,290.03,417.13,0,0,175
1323304,145,132,1216,417.13,418.13,0,0,68
