files/132.csv
id,week,center_id,meal_id,checkout_price,base_price,emailer_for_promotion,homepage_featured,num_orders
1282974,1,132,1558,589.82,611.13,1,1,284
1198685,2,132,1558,583.03,612.13,1,1,177
1063621,3,132,1558,622.8,622.8,0,0,149
1368336,4,132,1558,611.13,610.13,0,0,242
1006349,5,132,1558,610.13,611.13,0,0,96
1032190,6,132,1558,611.13,610.13,0,0,69
1054962,7,132,1558,610.13,611.13,0,0,80
1201205,8,132,1558,623.77,621.77,0,0,40
1009966,9,132,1558,582.03,583.03,0,0,55
1174877,10,132,1558,583.03,582.03,0,0,67
1323264,11,132,1558,582.03,581.03,0,0,96
1094205,12,132,1558,534.53,582.03,1,0,15
1231069,13,132,1558,534.53,581.03,1,0,42
1415473,14,132,1558,612.13,611.13,0,0,42
1025584,15,132,1558,611.13,611.13,0,0,69
1009565,16,132,1558,612.13,610.13,0,0,54
1030041,17,132,1558,610.13,610.13,0,0,28
1003191,18,132,1558,612.13,611.13,0,0,53
1447821,19,132,1558,611.13,610.13,0,0,69
1192244,20,132,1558,515.13,611.13,1,0,81
1275222,21,132,1558,534.53,612.13,1,0,149
1256015,22,132,1558,610.13,611.13,0,0,94
1127076,23,132,1558,611.13,612.13,0,0,95
1420183,24,132,1558,640.23,640.23,0,0,55
1235421,25,132,1558,612.13,611.13,0,0,80
1243069,26,132,1558,486.03,611.13,1,0,230
1249249,27,132,1558,486.03,612.13,1,1,312
1086302,28,132,1558,728.53,728.53,0,0,41
1490591,29,132,1558,727.53,728.53,0,0,28
1477622,30,132,1558,726.53,726.53,0,0,42
1172383,31,132,1558,727.53,726.53,0,0,40
1273532,32,132,1558,727.53,726.53,0,0,41
1310249,33,132,1558,726.53,728.53,0,0,54
1105237,35,132,1558,678.03,680.03,0,0,67
1149616,36,132,1558,678.03,678.03,0,0,108
1462084,37,132,1558,435.59,680.03,1,1,474
1234659,38,132,1558,446.2,679.03,1,1,541
1474902,39,132,1558,433.59,680.03,0,1,352
1190067,40,132,1558,435.59,680.03,0,1,366
1132310,41,132,1558,679.03,678.03,0,0,26
1237359,42,132,1558,680.03,680.03,0,0,108
1317533,43,132,1558,678.03,678.03,0,0,53
1094365,44,132,1558,678.03,680.03,0,0,68
1176068,45,132,1558,486.03,680.03,1,1,553
1339406,46,132,1558,504.43,678.03,0,1,269
1198814,47,132,1558,456.87,680.03,0,1,298
1249177,48,132,1558,637.29,639.29,0,0,81
1211372,49,132,1558,679.03,678.03,0,0,94
1009881,50,132,1558,679.03,679.03,0,0,40
1407529,51,132,1558,680.03,678.03,0,0,55
1256615,52,132,1558,678.03,680.03,0,0,14
1031872,53,132,1558,679.03,680.03,0,0,80
1088363,54,132,1558,678.03,680.03,0,0,28
1357596,55,132,1558,485.03,678.03,1,0,162
1381369,56,132,1558,678.03,679.03,0,0,80
1434405,57,132,1558,679.03,680.03,0,0,122
1213855,58,132,1558,679.03,678.03,0,0,69
1492326,59,132,1558,680.03,680.03,0,0,55
1321278,60,132,1558,679.03,679.03,0,0,28
1214507,61,132,1558,433.59,679.03,1,1,312
1015938,62,132,1558,446.23,678.03,1,1,163
1263714,63,132,1558,435.59,678.03,1,0,635
1393718,64,132,1558,434.59,679.03,1,1,514
1298398,65,132,1558,678.03,678.03,0,0,135
1008045,66,132,1558,679.03,680.03,0,0,96
1410631,67,132,1558,680.03,679.03,0,0,109
1144835,68,132,1558,680.03,679.03,0,0,53
1034267,69,132,1558,679.03,680.03,0,0,54
1187679,70,132,1558,678.03,680.03,0,0,68
1338484,71,132,1558,678.03,680.03,0,0,96
1471623,72,132,1558,678.03,679.03,0,0,41
1279561,73,132,1558,679.03,679.03,0,0,40
1077004,74,132,1558,679.03,678.03,0,0,69
1027395,75,132,1558,494.7,679.03,1,1,474
1061308,76,132,1558,485.03,680.03,1,1,339
1321921,77,132,1558,679.03,678.03,0,0,42
1468259,79,132,1558,462.69,679.03,1,1,176
1179640,80,132,1558,680.03,678.03,0,0,14
1047530,81,132,1558,679.03,680.03,0,0,27
1065844,82,132,1558,678.03,680.03,0,0,15
1369336,83,132,1558,678.03,678.03,0,0,121
1434580,84,132,1558,486.03,679.03,1,0,215
1079885,85,132,1558,485.03,680.03,1,1,244
1073104,86,132,1558,484.03,679.03,0,0,41
1354174,87,132,1558,486.03,680.03,0,0,177
1275748,88,132,1558,484.03,679.03,0,0,231
1476261,89,132,1558,463.69,679.03,1,0,420
1490655,90,132,1558,485.03,679.03,0,0,163
1224984,91,132,1558,484.03,680.03,0,0,42
1067548,92,132,1558,435.53,678.03,1,1,472
1024861,93,132,1558,435.53,678.03,1,1,325
1220976,94,132,1558,679.03,680.03,0,0,28
1357423,95,132,1558,680.03,679.03,0,0,122
1301957,96,132,1558,678.03,679.03,0,0,95
1073042,97,132,1558,679.03,680.03,0,0,123
1244961,98,132,1558,533.5,680.03,1,1,162
1144938,99,132,1558,535.5,679.03,1,1,82
1194989,100,132,1558,678.03,678.03,0,0,109
1086397,101,132,1558,679.03,680.03,0,0,135
1113565,102,132,1558,679.03,678.03,0,0,150
1077104,103,132,1558,678.03,678.03,0,0,27
1464000,104,132,1558,680.03,678.03,0,0,150
1485633,105,132,1558,678.03,678.03,0,0,177
1198376,106,132,1558,680.03,680.03,0,0,95
1168729,107,132,1558,680.03,678.03,0,0,68
1486150,108,132,1558,484.03,678.03,0,1,393
1247027,109,132,1558,486.03,678.03,1,1,661
1420797,110,132,1558,678.03,680.03,0,0,177
1021434,111,132,1558,699.43,698.43,0,0,15
1277617,112,132,1558,698.43,698.43,0,0,54
1079542,113,132,1558,464.69,698.43,1,1,648
1198864,114,132,1558,463.69,699.43,1,1,568
1058492,115,132,1558,469.51,699.43,1,1,514
1336300,116,132,1558,474.36,698.43,1,1,310
1209099,117,132,1558,698.43,699.43,0,0,28
1378576,118,132,1558,697.43,698.43,0,0,41
1103149,119,132,1558,697.43,697.43,0,0,67
1406259,120,132,1558,699.43,699.43,0,0,14
1137354,121,132,1558,487,698.43,1,1,513
1080028,122,132,1558,669.33,668.33,0,0,135
1418357,123,132,1558,668.33,670.33,0,0,27
1251171,124,132,1558,640.23,640.23,0,0,28
1446203,125,132,1558,640.23,641.23,0,0,81
1392455,126,132,1558,560.69,640.23,1,1,204
1102222,127,132,1558,560.69,640.23,1,1,134
1367231,128,132,1558,641.23,640.23,0,0,95
1347783,129,132,1558,641.23,641.23,0,0,81
1109648,130,132,1558,486.03,640.23,1,1,339
1486003,131,132,1558,486.03,641.23,1,1,297
1005961,132,132,1558,639.23,641.23,0,0,54
1197763,133,132,1558,641.23,639.23,0,0,15
1124536,134,132,1558,548.08,639.23,0,0,81
1351893,135,132,1558,549.08,639.23,1,1,230
1038045,136,132,1558,548.08,641.23,1,1,202
1056620,137,132,1558,549.08,639.23,0,1,54
1007785,138,132,1558,549.08,641.23,0,0,81
1029110,139,132,1558,547.08,641.23,0,0,108
1453316,140,132,1558,548.08,641.23,0,1,216
1314236,141,132,1558,458.84,641.23,1,1,540
1415292,142,132,1558,459.81,641.23,1,1,418
1494786,143,132,1558,547.08,639.23,0,1,162
1072218,144,132,1558,548.08,641.23,0,1,257
1371467,145,132,1558,562.6,641.23,0,1,68
1089003,1,132,2581,582.03,611.13,1,1,269
1077674,2,132,2581,581.03,612.13,1,1,445
1052928,3,132,2581,611.13,611.13,0,0,175
1050835,4,132,2581,609.22,611.13,0,1,298
1389323,5,132,2581,633.41,634.41,0,0,136
1453954,6,132,2581,612.13,610.13,0,0,217
1140764,7,132,2581,612.13,610.13,0,0,148
1309263,8,132,2581,610.13,611.13,0,0,41
1316359,9,132,2581,582.03,581.03,0,0,258
1085265,10,132,2581,596.61,595.61,0,0,283
1098212,11,132,2581,595.64,595.64,0,0,163
1468548,12,132,2581,543.23,593.64,1,1,284
1481041,13,132,2581,534.53,593.64,1,0,216
1046251,14,132,2581,612.13,611.13,0,0,95
1438205,15,132,2581,610.13,612.13,0,0,150
1156844,16,132,2581,611.13,610.13,0,0,109
1434740,17,132,2581,611.13,612.13,0,0,94
1459410,18,132,2581,622.77,622.77,0,0,135
1345145,19,132,2581,610.13,612.13,0,0,81
1183874,20,132,2581,513.13,611.13,1,1,229
1240145,21,132,2581,513.13,611.13,1,1,217
1173510,22,132,2581,616.95,617.95,0,0,258
1008248,23,132,2581,610.13,610.13,0,0,95
1196986,24,132,2581,610.13,610.13,0,0,109
1396821,25,132,2581,612.13,611.13,0,0,108
1210212,26,132,2581,488.91,611.13,1,1,459
1065538,27,132,2581,486.03,611.13,1,1,539
1173099,28,132,2581,727.53,727.53,0,0,42
1395101,29,132,2581,728.53,726.53,0,0,55
1241158,30,132,2581,728.53,727.53,0,0,109
1457803,31,132,2581,728.53,726.53,0,0,42
1093453,32,132,2581,728.53,726.53,0,0,27
1436827,33,132,2581,728.53,728.53,0,0,69
1199995,34,132,2581,728.53,726.53,0,0,41
1143416,35,132,2581,679.03,679.03,0,0,190
1219704,36,132,2581,680.03,679.03,0,0,68
1251784,37,132,2581,433.59,679.03,1,1,838
1006810,38,132,2581,433.59,680.03,1,1,729
1137239,39,132,2581,440.44,679.03,0,1,690
1263696,40,132,2581,444.32,680.03,0,1,392
1258828,41,132,2581,680.03,679.03,0,0,148
1046492,42,132,2581,679.03,678.03,0,0,95
1215815,43,132,2581,678.03,678.03,0,0,107
1308617,44,132,2581,679.03,680.03,0,0,162
1497595,45,132,2581,486.03,679.03,1,1,433
1296940,46,132,2581,485.03,679.03,0,0,377
1385407,47,132,2581,458.87,679.03,0,0,325
1068280,48,132,2581,679.03,680.03,0,0,94
1267667,49,132,2581,678.03,680.03,0,0,67
1304690,50,132,2581,679.03,679.03,0,0,134
1083325,51,132,2581,680.03,680.03,0,0,41
1371151,52,132,2581,678.03,679.03,0,0,136
1344653,53,132,2581,679.03,680.03,0,0,69
1385995,54,132,2581,678.03,679.03,0,0,135
1154259,55,132,2581,490.82,679.03,1,1,391
1448227,56,132,2581,680.03,679.03,0,0,270
1027376,57,132,2581,679.03,678.03,0,0,134
1188846,58,132,2581,679.03,680.03,0,0,122
1341797,59,132,2581,680.03,678.03,0,0,122
1421870,60,132,2581,679.03,678.03,0,0,150
1314064,61,132,2581,434.59,679.03,1,0,582
1112318,62,132,2581,444.29,678.03,1,1,123
1154078,63,132,2581,434.59,680.03,1,0,635
1181373,64,132,2581,435.59,678.03,1,0,620
1191458,65,132,2581,678.03,679.03,0,0,53
1257738,66,132,2581,678.03,679.03,0,0,122
1488626,67,132,2581,678.03,678.03,0,0,40
1400050,68,132,2581,680.03,680.03,0,0,134
1253149,69,132,2581,678.03,680.03,0,0,81
1325452,70,132,2581,678.03,679.03,0,0,68
1354904,71,132,2581,678.03,679.03,0,0,14
1283003,72,132,2581,679.03,678.03,0,0,121
1366184,73,132,2581,678.03,678.03,0,0,176
1313548,74,132,2581,680.03,678.03,0,0,82
1439138,75,132,2581,493.73,679.03,1,0,555
1002854,76,132,2581,484.03,678.03,1,0,447
1407506,77,132,2581,649.9,651.9,0,0,94
1413267,78,132,2581,680.03,679.03,0,0,69
1266257,79,132,2581,462.69,678.03,1,1,432
1041744,80,132,2581,626.68,626.68,0,0,55
1269801,81,132,2581,678.03,678.03,0,0,81
1036922,82,132,2581,679.03,679.03,0,0,108
1439216,83,132,2581,679.03,678.03,0,0,150
1063926,84,132,2581,486.03,680.03,1,0,486
1090935,85,132,2581,486.03,680.03,1,1,377
1448191,86,132,2581,485.03,679.03,0,0,215
1210195,87,132,2581,485.03,678.03,0,0,203
1116742,88,132,2581,486.03,678.03,0,0,148
1241761,89,132,2581,462.69,678.03,1,0,420
1227766,90,132,2581,484.03,680.03,0,0,338
1038503,91,132,2581,493.76,680.03,0,0,298
1133823,92,132,2581,436.53,680.03,1,1,702
1482817,93,132,2581,437.53,679.03,1,1,541
1384342,94,132,2581,619.89,619.89,0,0,54
1281220,95,132,2581,679.03,678.03,0,0,69
1212342,96,132,2581,679.03,678.03,0,0,69
1034630,97,132,2581,679.03,680.03,0,0,82
1185973,98,132,2581,534.5,678.03,1,1,26
1134221,99,132,2581,534.5,678.03,1,1,257
1364395,100,132,2581,678.03,678.03,0,0,135
1489893,101,132,2581,678.03,679.03,0,0,204
1021648,102,132,2581,678.03,680.03,0,0,121
1158468,103,132,2581,680.03,678.03,0,0,122
1096513,104,132,2581,679.03,680.03,0,0,136
1462602,105,132,2581,679.03,679.03,0,0,80
1390602,106,132,2581,678.03,679.03,0,0,69
1267158,107,132,2581,678.03,678.03,0,0,94
1451022,108,132,2581,493.76,678.03,0,1,621
1213843,109,132,2581,485.97,679.03,1,1,1228
1441408,110,132,2581,680.03,679.03,0,0,28
1365761,111,132,2581,699.43,698.43,0,0,69
1453459,112,132,2581,699.43,699.43,0,0,68
1304963,113,132,2581,466.57,697.43,1,1,770
1061065,114,132,2581,462.69,698.43,1,1,634
1042968,115,132,2581,462.69,699.43,1,1,500
1063478,116,132,2581,463.69,698.43,1,1,379
1121144,117,132,2581,698.43,699.43,0,0,15
1227597,118,132,2581,699.43,698.43,0,0,96
1040583,119,132,2581,697.43,698.43,0,0,54
1411285,120,132,2581,697.43,697.43,0,0,95
1131788,121,132,2581,485,698.43,1,1,500
1452544,122,132,2581,645.05,646.05,0,0,108
1425688,123,132,2581,668.33,668.33,0,0,161
1016679,124,132,2581,639.23,639.23,0,0,55
1188722,125,132,2581,641.23,639.23,0,0,40
1394141,126,132,2581,568.45,639.23,1,1,392
1435737,127,132,2581,560.69,641.23,1,1,325
1100406,128,132,2581,632.47,631.47,0,0,135
1066220,129,132,2581,639.23,641.23,0,0,94
1015806,130,132,2581,484.03,639.23,1,1,420
1040012,131,132,2581,485.03,640.23,1,1,433
1363510,132,132,2581,596.61,595.61,0,0,96
1358936,133,132,2581,641.23,640.23,0,0,69
1357859,134,132,2581,547.08,641.23,0,0,215
1111204,135,132,2581,547.08,641.23,1,1,393
1298078,136,132,2581,549.08,641.23,1,1,269
1462130,137,132,2581,547.08,640.23,0,0,176
1425652,138,132,2581,549.08,641.23,0,1,82
1335139,139,132,2581,548.08,640.23,0,1,163
1490321,140,132,2581,548.08,639.23,0,1,365
1393429,141,132,2581,472.45,639.23,1,1,823
1201697,142,132,2581,474.33,640.23,1,1,459
1081464,143,132,2581,548.08,639.23,0,0,163
1417709,144,132,2581,548.08,640.23,0,1,203
1043356,145,132,2581,564.6,639.23,0,1,297
